main.c:38:6:display7SEG	16	static
main.c:134:6:update7SEG	16	static
main.c:166:6:updateClockBuffer	4	static
main.c:185:6:setTimer0	16	static
main.c:192:6:setTimer1	16	static
main.c:197:6:timer_run	4	static
main.c:211:6:updateLEDMatrix	16	static
main.c:250:6:displayMatrix	16	static
main.c:261:6:clearMatrix	8	static
main.c:277:5:main	24	static
main.c:352:6:SystemClock_Config	72	static
main.c:388:13:MX_TIM2_Init	32	static
main.c:430:13:MX_GPIO_Init	32	static
main.c:479:6:HAL_TIM_PeriodElapsedCallback	16	static
main.c:489:6:Error_Handler	4	static
